<html>
<body>
<pre>
<h1>礦ision Build Log</h1>
<h2>Tool Versions:</h2>
IDE-Version: μVision V5.14.0.0
Copyright (C) 2015 ARM Ltd and ARM Germany GmbH. All rights reserved.
License Information: Mingze Cai, arthur, LIC=YA39H-WCI5B-Y8HFK-Z81T5-SE4BY-ALHVF
 
Tool Versions:
Toolchain:       MDK-ARM Standard  Version: 5.14.0.0
Toolchain Path:  E:\Keil_v5\ARM\ARMCC\Bin
C Compiler:      Armcc.exe V5.05 update 1 (build 106)
Assembler:       Armasm.exe V5.05 update 1 (build 106)
Linker/Locator:  ArmLink.exe V5.05 update 1 (build 106)
Library Manager: ArmAr.exe V5.05 update 1 (build 106)
Hex Converter:   FromElf.exe V5.05 update 1 (build 106)
CPU DLL:         SARMCM3.DLL V5.14.0.0
Dialog DLL:      DARMSTM.DLL V1.65.0.0
Target DLL:      STLink\ST-LINKIII-KEIL_SWO.dll V2.0.14.0_KEIL
Dialog DLL:      TARMSTM.DLL V1.64.0.0
 
<h2>Project:</h2>
D:\华为云盘\【STM32F103ZET6最小系统板】\STM32F103ZE\template.uvprojx
Project File Date:  02/26/2023

<h2>Output:</h2>
Build target 'ZET6'
compiling core_cm3.c...
compiling system_stm32f10x.c...
assembling startup_stm32f10x_hd.s...
compiling misc.c...
compiling stm32f10x_adc.c...
compiling stm32f10x_bkp.c...
compiling stm32f10x_can.c...
compiling stm32f10x_cec.c...
compiling stm32f10x_crc.c...
compiling stm32f10x_dac.c...
compiling stm32f10x_dbgmcu.c...
compiling stm32f10x_dma.c...
compiling stm32f10x_exti.c...
compiling stm32f10x_flash.c...
compiling stm32f10x_fsmc.c...
compiling stm32f10x_gpio.c...
compiling stm32f10x_i2c.c...
compiling stm32f10x_iwdg.c...
compiling stm32f10x_pwr.c...
compiling stm32f10x_rcc.c...
compiling stm32f10x_rtc.c...
compiling stm32f10x_sdio.c...
compiling stm32f10x_spi.c...
compiling stm32f10x_tim.c...
compiling stm32f10x_usart.c...
compiling stm32f10x_wwdg.c...
compiling adc.c...
compiling delay.c...
compiling rtc.c...
compiling spi.c...
compiling sys.c...
compiling usart.c...
compiling myiic.c...
compiling pwm.c...
compiling pid.c...
compiling led.c...
compiling 24l01.c...
compiling oled2420.c...
compiling key.c...
compiling temp_sensor.c...
compiling l298n.c...
compiling mpu6050.c...
compiling vl53l0x.c...
compiling hc_sr04.c...
compiling inv_mpu.c...
compiling inv_mpu_dmp_motion_driver.c...
compiling vl53l0x_api.c...
compiling vl53l0x_api_calibration.c...
compiling vl53l0x_api_core.c...
compiling vl53l0x_api_ranging.c...
compiling vl53l0x_api_strings.c...
compiling vl53l0x_i2c.c...
compiling vl53l0x_cali.c...
compiling vl53l0x_gen.c...
compiling vl53l0x_platform.c...
compiling esp8266_timer.c...
compiling esp8266.c...
compiling main.c...
compiling stm32f10x_it.c...
linking...
Program Size: Code=54590 RO-data=11946 RW-data=892 ZI-data=4308  
FromELF: creating hex file...
".\Objects\ZET6.axf" - 0 Error(s), 0 Warning(s).

<h2>Collection of Component include folders:</h2>
  D:\华为云盘\【STM32F103ZET6最小系统板】\STM32F103ZE\RTE
  E:\Keil_v5\ARM\PACK\Keil\STM32F1xx_DFP\2.4.0

<h2>Collection of Component Files used:</h2>
</pre>
</body>
</html>
